<html>
<body>
<pre>
<h1>µVision Build Log</h1>
<h2>Tool Versions:</h2>
IDE-Version: µVision V5.31.0.0
Copyright (C) 2020 ARM Ltd and ARM Germany GmbH. All rights reserved.
License Information: ABC VB, JWQK, LIC=NQQMA-1ZW22-VEJHA-1KNG3-42UWW-0GL20
 
Tool Versions:
Toolchain:       MDK-ARM Plus  Version: 5.31.0.0
Toolchain Path:  C:\Keil_v5\ARM\ARMCC\Bin
C Compiler:      Armcc.exe V5.06 update 6 (build 750)
Assembler:       Armasm.exe V5.06 update 6 (build 750)
Linker/Locator:  ArmLink.exe V5.06 update 6 (build 750)
Library Manager: ArmAr.exe V5.06 update 6 (build 750)
Hex Converter:   FromElf.exe V5.06 update 6 (build 750)
CPU DLL:         SARMCM3.DLL V5.31.0.0
Dialog DLL:      DCM.DLL V1.17.3.0
Target DLL:      STLink\ST-LINKIII-KEIL_SWO.dll V3.0.7.0
Dialog DLL:      TCM.DLL V1.46.0.0
 
<h2>Project:</h2>
D:\New folder\stm32duong\MDK-ARM\stm32duong.uvprojx
Project File Date:  06/26/2024

<h2>Output:</h2>
*** Using Compiler 'V5.06 update 6 (build 750)', folder: 'C:\Keil_v5\ARM\ARMCC\Bin'
Rebuild target 'stm32duong'
assembling startup_stm32f103xe.s...
compiling stm32f1xx_hal.c...
compiling stm32f1xx_hal_timebase_tim.c...
compiling stm32f1xx_hal_gpio_ex.c...
compiling stm32f1xx_it.c...
compiling stm32f1xx_hal_msp.c...
compiling fonts.c...
compiling freertos.c...
compiling stm32f1xx_hal_rcc_ex.c...
compiling stm32f1xx_hal_gpio.c...
compiling ssd1306.c...
../Core/Inc/ssd1306.h(238): warning:  #1295-D: Deprecated declaration ssd1306_I2C_Init - give arg types
  void ssd1306_I2C_Init();
..\Core\Src\ssd1306.c(152): warning:  #188-D: enumerated type mixed with another type
              if(byte & 0x80) SSD1306_DrawPixel(x+i, y, color);
..\Core\Src\ssd1306.c(606): warning:  #188-D: enumerated type mixed with another type
  	SSD1306_Fill (0);
..\Core\Src\ssd1306.c: 3 warnings, 0 errors
compiling stm32f1xx_hal_adc_ex.c...
compiling stm32f1xx_hal_adc.c...
compiling stm32f1xx_hal_rcc.c...
compiling main.c...
../Core/Inc/ssd1306.h(238): warning:  #1295-D: Deprecated declaration ssd1306_I2C_Init - give arg types
  void ssd1306_I2C_Init();
../Core/Src/main.c(505): warning:  #223-D: function "sprintf" declared implicitly
  		sprintf(snum_light, "%.2f", k);
../Core/Src/main.c(509): warning:  #188-D: enumerated type mixed with another type
  		SSD1306_Puts("LIGHT:", &Font_11x18, 1);
../Core/Src/main.c(511): warning:  #188-D: enumerated type mixed with another type
  		SSD1306_Puts(snum_light, &Font_11x18, 1);
../Core/Src/main.c(607): warning:  #188-D: enumerated type mixed with another type
  	SSD1306_Puts(menu->Title, &Font_11x18, 1);
../Core/Src/main.c(610): warning:  #188-D: enumerated type mixed with another type
  	SSD1306_Puts(menu->List1, &Font_11x18, 1);
../Core/Src/main.c(613): warning:  #188-D: enumerated type mixed with another type
  	SSD1306_Puts(menu->List2, &Font_11x18, 1);
../Core/Src/main.c(616): warning:  #188-D: enumerated type mixed with another type
  	SSD1306_Puts(">", &Font_11x18, 1);
../Core/Src/main.c: 8 warnings, 0 errors
compiling stm32f1xx_hal_dma.c...
compiling croutine.c...
compiling event_groups.c...
compiling list.c...
compiling stream_buffer.c...
compiling timers.c...
compiling queue.c...
compiling heap_4.c...
compiling tasks.c...
compiling port.c...
compiling cmsis_os.c...
compiling stm32f1xx_hal_cortex.c...
compiling system_stm32f1xx.c...
compiling stm32f1xx_hal_exti.c...
compiling stm32f1xx_hal_pwr.c...
compiling stm32f1xx_hal_flash.c...
compiling stm32f1xx_hal_flash_ex.c...
compiling stm32f1xx_hal_tim_ex.c...
compiling stm32f1xx_hal_uart.c...
compiling stm32f1xx_hal_spi.c...
compiling stm32f1xx_hal_i2c.c...
compiling stm32f1xx_hal_tim.c...
linking...
Program Size: Code=19992 RO-data=4124 RW-data=732 ZI-data=7116  
FromELF: creating hex file...
"stm32duong\stm32duong.axf" - 0 Error(s), 11 Warning(s).

<h2>Software Packages used:</h2>

Package Vendor: ARM
                http://www.keil.com/pack/ARM.CMSIS.5.7.0.pack
                ARM.CMSIS.5.7.0
                CMSIS (Cortex Microcontroller Software Interface Standard)
   * Component: CORE Version: 5.4.0

Package Vendor: Keil
                https://www.keil.com/pack/Keil.STM32F1xx_DFP.2.4.1.pack
                Keil.STM32F1xx_DFP.2.4.1
                STMicroelectronics STM32F1 Series Device Support, Drivers and Examples

<h2>Collection of Component include folders:</h2>
  .\RTE\_stm32duong
  C:\Keil_v5\ARM\PACK\ARM\CMSIS\5.7.0\CMSIS\Core\Include
  C:\Keil_v5\ARM\PACK\Keil\STM32F1xx_DFP\2.4.1\Device\Include

<h2>Collection of Component Files used:</h2>

   * Component: ARM::CMSIS:CORE:5.4.0
      Include file:  CMSIS\Core\Include\tz_context.h
Build Time Elapsed:  00:00:06
</pre>
</body>
</html>
